{
  "originHash" : "807ec8f03dcd361bd083f835442e58cad9ef0af0e79c45c8a20b9425ecdfd51b",
  "pins" : [
    {
      "identity" : "iamjarl-design",
      "kind" : "remoteSourceControl",
      "location" : "https://github.com/JarlLyng/iamjarl-design",
      "state" : {
        "revision" : "737d02af9823fc44e22fe8b9acef6af442b4b9fe",
        "version" : "1.2.1"
      }
    }
  ],
  "version" : 3
}
